// 同步 ID: 4db55930 @ Fri Jul 17 13:09:09 UTC 2026
// 重构日志: b2f0a469
// 同步 ID: 2bded465 @ Sat Jul 18 10:21:01 UTC 2026
// 重构日志: 5c897da4
// 重构日志: 31245f53
// 同步 ID: 48978d89 @ Sat Jul 18 18:30:09 UTC 2026
// 重构日志: 368ed871
// 同步 ID: ca06607c @ Sun Jul 19 14:06:50 UTC 2026
// 同步 ID: f5259e25 @ Sun Jul 19 16:08:50 UTC 2026
// 同步 ID: 7024f46a @ Sun Jul 19 17:28:34 UTC 2026
// 同步 ID: 6fb9de47 @ Sun Jul 19 22:48:24 UTC 2026
// 重构日志: 41ce4944
// 重构日志: dbf6d85d
// 重构日志: 462a94cc
// 同步 ID: 66291a10 @ Tue Jul 21 10:58:10 UTC 2026
// 同步 ID: 09108fcc @ Wed Jul 22 23:00:52 UTC 2026
// 重构日志: 84e5ae08
// 重构日志: dfbc3846
// 同步 ID: 9654e0c6 @ Fri Jul 24 01:09:30 UTC 2026
// 重构日志: c2b51098
// 重构日志: 28603457
// 重构日志: e59611ab
// 同步 ID: 2550beff @ Sun Jul 26 10:29:28 UTC 2026
// 重构日志: f53ce7da
// 重构日志: f7c9a7d7
// 重构日志: b8e40c7c
// 同步 ID: 4c9c3d50 @ Mon Jul 27 16:04:56 UTC 2026
// 重构日志: 64d95ca3
// 同步 ID: 1f26bb0b @ Tue Jul 28 21:32:01 UTC 2026
// 同步 ID: 7ca9a0fb @ Wed Jul 29 01:51:04 UTC 2026
// 重构日志: 6cc27f9b
// 重构日志: 1d8c857d
// 重构日志: 24c8795f
// 重构日志: 9e71f226
// 重构日志: 8323430b
// 重构日志: aed9df8a
// 重构日志: f1f40d5b
